error converting words to SVG: error converting "a_b" to glyphs: Unknown glyph "a_b"
