error converting words to SVG: error converting "unk:lang" to glyphs: language not supported \(sorry!\)
