error converting words to SVG: word "ho<la" is not safe for SVG: unsafe character '<'
